// Vitest Snapshot v1, https://vitest.dev/guide/snapshot.html

exports[`Node output ownership > preserves cold synchronous color output (extended=false) 1`] = `"821b11455a9f4a3a44d4c98ad240ecee261d1aab685c64f13a147dad7bed983b"`;

exports[`Node output ownership > preserves cold synchronous color output (extended=true) 1`] = `"92a2668749b1a3f71f07018e87298c52f0c49ce0f9ffc1dc2cda73b5ca2073ca"`;

exports[`Node output ownership > preserves cold synchronous depth output (extended=false) 1`] = `"31b4e4d48077789de6e43fe13a121f10556670ea03b376823ccc4d7931d8a7c5"`;

exports[`Node output ownership > preserves cold synchronous depth output (extended=true) 1`] = `"cb171de53ba8a6db5708dabf91623092ad8aec02c613c08333de2ce564fe80b3"`;

exports[`Node output ownership > preserves cold synchronous depth-over-esm output (extended=false) 1`] = `"3e85d7e5f80c374dc7456ee5106edbf9156aa1a8a504c52111f7c05ebc6bb586"`;

exports[`Node output ownership > preserves cold synchronous depth-over-esm output (extended=true) 1`] = `"5bf21b2252de286e4b5b2df2cf1314447ac27d260e0be8fe3f5b10727c18b656"`;

exports[`Node output ownership > preserves cold synchronous esm output (extended=false) 1`] = `"69487e1b8f0ad33e6fd3d1cf755817bbd5a1ca5aa604a290f85c26719bf3909a"`;

exports[`Node output ownership > preserves cold synchronous esm output (extended=true) 1`] = `"c165a13640c35087d5338c8a78a3390bdbe52595c045d149f862ae179012638f"`;

exports[`Node output ownership > preserves cold synchronous esm-over-depth output (extended=false) 1`] = `"a8a3b58e7685bea86f0348e4fede6a37a3bfcc8be24c033d5d6f7c17d1ead908"`;

exports[`Node output ownership > preserves cold synchronous esm-over-depth output (extended=true) 1`] = `"07d49014ef6f9d8a440e7d9762f0cc388f814c59683b5d2dcd41fabe6be9bcdf"`;
